> Task :app:checkKotlinGradlePluginConfigurationErrors SKIPPED
> Task :app:downloadNodejs
> Task :app:preBuild
> Task :app:preDebugBuild
> Task :app:generateDebugBuildConfig UP-TO-DATE
> Task :app:checkDebugAarMetadata UP-TO-DATE
> Task :app:processDebugNavigationResources UP-TO-DATE
> Task :app:compileDebugNavigationResources UP-TO-DATE
> Task :app:generateDebugResValues UP-TO-DATE
> Task :app:processDebugGoogleServices UP-TO-DATE
> Task :app:mapDebugSourceSetPaths UP-TO-DATE
> Task :app:generateDebugResources UP-TO-DATE
> Task :app:mergeDebugResources UP-TO-DATE
> Task :app:packageDebugResources UP-TO-DATE
> Task :app:parseDebugLocalResources UP-TO-DATE
> Task :app:createDebugCompatibleScreenManifests UP-TO-DATE
> Task :app:extractDeepLinksDebug UP-TO-DATE
> Task :app:processDebugMainManifest UP-TO-DATE
> Task :app:processDebugManifest UP-TO-DATE
> Task :app:processDebugManifestForPackage UP-TO-DATE
> Task :app:processDebugResources UP-TO-DATE

> Task :app:compileDebugKotlin FAILED
./gradlew : e: file:///E:/GIT/SeekerClaw/app/src/main/java/com/seekerclaw/app/ui/settings/SettingsScreen.kt:325:9 Unresolved reference 'SectionLabel'.
At line:1 char:1
+ ./gradlew compileDebugKotlin > build_output.txt 2>&1
+ ~~~~~~~~~~~~~~~~~~~~~~~~~~~~~~~~~~~~~~~~~~~~~~~~~~~~
    + CategoryInfo          : NotSpecified: (e: file:///E:/G...'SectionLabel'.:String) [], RemoteException
    + FullyQualifiedErrorId : NativeCommandError
 
e: file:///E:/GIT/SeekerClaw/app/src/main/java/com/seekerclaw/app/ui/settings/SettingsScreen.kt:391:9 Unresolved reference 'CollapsibleSection'.
e: file:///E:/GIT/SeekerClaw/app/src/main/java/com/seekerclaw/app/ui/settings/SettingsScreen.kt:392:13 @Composable invocations can only happen from the context of a @Composable function
e: file:///E:/GIT/SeekerClaw/app/src/main/java/com/seekerclaw/app/ui/settings/SettingsScreen.kt:397:17 Unresolved reference 'ConfigField'.
e: file:///E:/GIT/SeekerClaw/app/src/main/java/com/seekerclaw/app/ui/settings/SettingsScreen.kt:403:17 Unresolved reference 'ConfigField'.
e: file:///E:/GIT/SeekerClaw/app/src/main/java/com/seekerclaw/app/ui/settings/SettingsScreen.kt:409:17 Unresolved reference 'ConfigField'.
e: file:///E:/GIT/SeekerClaw/app/src/main/java/com/seekerclaw/app/ui/settings/SettingsScreen.kt:419:17 Unresolved reference 'ConfigField'.
e: file:///E:/GIT/SeekerClaw/app/src/main/java/com/seekerclaw/app/ui/settings/SettingsScreen.kt:429:17 Unresolved reference 'ConfigField'.
e: file:///E:/GIT/SeekerClaw/app/src/main/java/com/seekerclaw/app/ui/settings/SettingsScreen.kt:450:9 Unresolved reference 'CollapsibleSection'.
e: file:///E:/GIT/SeekerClaw/app/src/main/java/com/seekerclaw/app/ui/settings/SettingsScreen.kt:451:13 @Composable invocations can only happen from the context of a @Composable function
e: file:///E:/GIT/SeekerClaw/app/src/main/java/com/seekerclaw/app/ui/settings/SettingsScreen.kt:457:17 Unresolved reference 'SettingRow'.
e: file:///E:/GIT/SeekerClaw/app/src/main/java/com/seekerclaw/app/ui/settings/SettingsScreen.kt:461:43 Unresolved reference 'it'.
e: file:///E:/GIT/SeekerClaw/app/src/main/java/com/seekerclaw/app/ui/settings/SettingsScreen.kt:462:67 Unresolved reference 'it'.
e: file:///E:/GIT/SeekerClaw/app/src/main/java/com/seekerclaw/app/ui/settings/SettingsScreen.kt:466:17 Unresolved reference 'PermissionRow'.
e: file:///E:/GIT/SeekerClaw/app/src/main/java/com/seekerclaw/app/ui/settings/SettingsScreen.kt:475:38 Unresolved reference 'openAppSettings'.
e: file:///E:/GIT/SeekerClaw/app/src/main/java/com/seekerclaw/app/ui/settings/SettingsScreen.kt:475:40 Unresolved reference 'openAppSettings'.
e: file:///E:/GIT/SeekerClaw/app/src/main/java/com/seekerclaw/app/ui/settings/SettingsScreen.kt:478:17 Unresolved reference 'SettingRow'.
e: file:///E:/GIT/SeekerClaw/app/src/main/java/com/seekerclaw/app/ui/settings/SettingsScreen.kt:482:40 Unresolved reference 'it'.
e: file:///E:/GIT/SeekerClaw/app/src/main/java/com/seekerclaw/app/ui/settings/SettingsScreen.kt:483:64 Unresolved reference 'it'.
e: file:///E:/GIT/SeekerClaw/app/src/main/java/com/seekerclaw/app/ui/settings/SettingsScreen.kt:494:9 Unresolved reference 'CollapsibleSection'.
e: file:///E:/GIT/SeekerClaw/app/src/main/java/com/seekerclaw/app/ui/settings/SettingsScreen.kt:495:13 @Composable invocations can only happen from the context of a @Composable function
e: file:///E:/GIT/SeekerClaw/app/src/main/java/com/seekerclaw/app/ui/settings/SettingsScreen.kt:513:17 Unresolved reference 'PermissionRow'.
e: file:///E:/GIT/SeekerClaw/app/src/main/java/com/seekerclaw/app/ui/settings/SettingsScreen.kt:516:33 Unresolved reference 'requestPermissionOrOpenSettings'.
e: file:///E:/GIT/SeekerClaw/app/src/main/java/com/seekerclaw/app/ui/settings/SettingsScreen.kt:517:25 Unresolved reference 'requestPermissionOrOpenSettings'.
e: file:///E:/GIT/SeekerClaw/app/src/main/java/com/seekerclaw/app/ui/settings/SettingsScreen.kt:519:38 Unresolved reference 'openAppSettings'.
e: file:///E:/GIT/SeekerClaw/app/src/main/java/com/seekerclaw/app/ui/settings/SettingsScreen.kt:519:40 Unresolved reference 'openAppSettings'.
e: file:///E:/GIT/SeekerClaw/app/src/main/java/com/seekerclaw/app/ui/settings/SettingsScreen.kt:522:17 Unresolved reference 'PermissionRow'.
e: file:///E:/GIT/SeekerClaw/app/src/main/java/com/seekerclaw/app/ui/settings/SettingsScreen.kt:525:33 Unresolved reference 'requestPermissionOrOpenSettings'.
e: file:///E:/GIT/SeekerClaw/app/src/main/java/com/seekerclaw/app/ui/settings/SettingsScreen.kt:526:25 Unresolved reference 'requestPermissionOrOpenSettings'.
e: file:///E:/GIT/SeekerClaw/app/src/main/java/com/seekerclaw/app/ui/settings/SettingsScreen.kt:528:38 Unresolved reference 'openAppSettings'.
e: file:///E:/GIT/SeekerClaw/app/src/main/java/com/seekerclaw/app/ui/settings/SettingsScreen.kt:528:40 Unresolved reference 'openAppSettings'.
e: file:///E:/GIT/SeekerClaw/app/src/main/java/com/seekerclaw/app/ui/settings/SettingsScreen.kt:531:17 Unresolved reference 'PermissionRow'.
e: file:///E:/GIT/SeekerClaw/app/src/main/java/com/seekerclaw/app/ui/settings/SettingsScreen.kt:534:33 Unresolved reference 'requestPermissionOrOpenSettings'.
e: file:///E:/GIT/SeekerClaw/app/src/main/java/com/seekerclaw/app/ui/settings/SettingsScreen.kt:535:25 Unresolved reference 'requestPermissionOrOpenSettings'.
e: file:///E:/GIT/SeekerClaw/app/src/main/java/com/seekerclaw/app/ui/settings/SettingsScreen.kt:537:38 Unresolved reference 'openAppSettings'.
e: file:///E:/GIT/SeekerClaw/app/src/main/java/com/seekerclaw/app/ui/settings/SettingsScreen.kt:537:40 Unresolved reference 'openAppSettings'.
e: file:///E:/GIT/SeekerClaw/app/src/main/java/com/seekerclaw/app/ui/settings/SettingsScreen.kt:540:17 Unresolved reference 'PermissionRow'.
e: file:///E:/GIT/SeekerClaw/app/src/main/java/com/seekerclaw/app/ui/settings/SettingsScreen.kt:543:33 Unresolved reference 'requestPermissionOrOpenSettings'.
e: file:///E:/GIT/SeekerClaw/app/src/main/java/com/seekerclaw/app/ui/settings/SettingsScreen.kt:544:25 Unresolved reference 'requestPermissionOrOpenSettings'.
e: file:///E:/GIT/SeekerClaw/app/src/main/java/com/seekerclaw/app/ui/settings/SettingsScreen.kt:546:38 Unresolved reference 'openAppSettings'.
e: file:///E:/GIT/SeekerClaw/app/src/main/java/com/seekerclaw/app/ui/settings/SettingsScreen.kt:546:40 Unresolved reference 'openAppSettings'.
e: file:///E:/GIT/SeekerClaw/app/src/main/java/com/seekerclaw/app/ui/settings/SettingsScreen.kt:549:17 Unresolved reference 'PermissionRow'.
e: file:///E:/GIT/SeekerClaw/app/src/main/java/com/seekerclaw/app/ui/settings/SettingsScreen.kt:552:33 Unresolved reference 'requestPermissionOrOpenSettings'.
e: file:///E:/GIT/SeekerClaw/app/src/main/java/com/seekerclaw/app/ui/settings/SettingsScreen.kt:553:25 Unresolved reference 'requestPermissionOrOpenSettings'.
e: file:///E:/GIT/SeekerClaw/app/src/main/java/com/seekerclaw/app/ui/settings/SettingsScreen.kt:555:38 Unresolved reference 'openAppSettings'.
e: file:///E:/GIT/SeekerClaw/app/src/main/java/com/seekerclaw/app/ui/settings/SettingsScreen.kt:555:40 Unresolved reference 'openAppSettings'.
e: file:///E:/GIT/SeekerClaw/app/src/main/java/com/seekerclaw/app/ui/settings/SettingsScreen.kt:564:9 Unresolved reference 'CollapsibleSection'.
e: file:///E:/GIT/SeekerClaw/app/src/main/java/com/seekerclaw/app/ui/settings/SettingsScreen.kt:565:13 @Composable invocations can only happen from the context of a @Composable function
e: file:///E:/GIT/SeekerClaw/app/src/main/java/com/seekerclaw/app/ui/settings/SettingsScreen.kt:614:21 Unresolved reference 'InfoRow'.
e: file:///E:/GIT/SeekerClaw/app/src/main/java/com/seekerclaw/app/ui/settings/SettingsScreen.kt:699:13 Unresolved reference 'ConfigField'.
e: file:///E:/GIT/SeekerClaw/app/src/main/java/com/seekerclaw/app/ui/settings/SettingsScreen.kt:720:9 Unresolved reference 'CollapsibleSection'.
e: file:///E:/GIT/SeekerClaw/app/src/main/java/com/seekerclaw/app/ui/settings/SettingsScreen.kt:721:13 @Composable invocations can only happen from the context of a @Composable function
e: file:///E:/GIT/SeekerClaw/app/src/main/java/com/seekerclaw/app/ui/settings/SettingsScreen.kt:835:9 Unresolved reference 'CollapsibleSection'.
e: file:///E:/GIT/SeekerClaw/app/src/main/java/com/seekerclaw/app/ui/settings/SettingsScreen.kt:836:13 @Composable invocations can only happen from the context of a @Composable function
e: file:///E:/GIT/SeekerClaw/app/src/main/java/com/seekerclaw/app/ui/settings/SettingsScreen.kt:883:9 Unresolved reference 'CollapsibleSection'.
e: file:///E:/GIT/SeekerClaw/app/src/main/java/com/seekerclaw/app/ui/settings/SettingsScreen.kt:884:13 @Composable invocations can only happen from the context of a @Composable function
e: file:///E:/GIT/SeekerClaw/app/src/main/java/com/seekerclaw/app/ui/settings/SettingsScreen.kt:889:41 @Composable invocations can only happen from the context of a @Composable function
e: file:///E:/GIT/SeekerClaw/app/src/main/java/com/seekerclaw/app/ui/settings/SettingsScreen.kt:904:9 Unresolved reference 'CollapsibleSection'.
e: file:///E:/GIT/SeekerClaw/app/src/main/java/com/seekerclaw/app/ui/settings/SettingsScreen.kt:905:13 @Composable invocations can only happen from the context of a @Composable function
e: file:///E:/GIT/SeekerClaw/app/src/main/java/com/seekerclaw/app/ui/settings/SettingsScreen.kt:955:9 Unresolved reference 'SectionLabel'.
e: file:///E:/GIT/SeekerClaw/app/src/main/java/com/seekerclaw/app/ui/settings/SettingsScreen.kt:966:13 Unresolved reference 'InfoRow'.
e: file:///E:/GIT/SeekerClaw/app/src/main/java/com/seekerclaw/app/ui/settings/SettingsScreen.kt:967:13 Unresolved reference 'InfoRow'.
e: file:///E:/GIT/SeekerClaw/app/src/main/java/com/seekerclaw/app/ui/settings/SettingsScreen.kt:968:13 Unresolved reference 'InfoRow'.
e: file:///E:/GIT/SeekerClaw/app/src/main/java/com/seekerclaw/app/ui/settings/SettingsScreen.kt:976:9 Inapplicable candidate(s): fun AlertDialog(onDismissRequest: () -> Unit, confirmButton: 
@Composable() ComposableFunction0<Unit>, modifier: Modifier = ..., dismissButton: @Composable() ComposableFunction0<Unit>? = ..., icon: @Composable() ComposableFunction0<Unit>? = ..., title: 
@Composable() ComposableFunction0<Unit>? = ..., text: @Composable() ComposableFunction0<Unit>? = ..., shape: Shape = ..., containerColor: Color = ..., iconContentColor: Color = ..., 
titleContentColor: Color = ..., textContentColor: Color = ..., tonalElevation: Dp = ..., properties: DialogProperties = ...): Unit
e: file:///E:/GIT/SeekerClaw/app/src/main/java/com/seekerclaw/app/ui/settings/SettingsScreen.kt:979:17 @Composable invocations can only happen from the context of a @Composable function
e: file:///E:/GIT/SeekerClaw/app/src/main/java/com/seekerclaw/app/ui/settings/SettingsScreen.kt:987:17 @Composable invocations can only happen from the context of a @Composable function
e: file:///E:/GIT/SeekerClaw/app/src/main/java/com/seekerclaw/app/ui/settings/SettingsScreen.kt:1017:17 @Composable invocations can only happen from the context of a @Composable function
e: file:///E:/GIT/SeekerClaw/app/src/main/java/com/seekerclaw/app/ui/settings/SettingsScreen.kt:1034:22 Syntax error: Unexpected tokens (use ';' to separate expressions on the same line).
e: file:///E:/GIT/SeekerClaw/app/src/main/java/com/seekerclaw/app/ui/settings/SettingsScreen.kt:1035:17 Syntax error: Expecting an element.
e: file:///E:/GIT/SeekerClaw/app/src/main/java/com/seekerclaw/app/ui/settings/SettingsScreen.kt:1036:21 @Composable invocations can only happen from the context of a @Composable function
e: file:///E:/GIT/SeekerClaw/app/src/main/java/com/seekerclaw/app/ui/settings/SettingsScreen.kt:1044:13 No parameter with name 'dismissButton' found.
e: file:///E:/GIT/SeekerClaw/app/src/main/java/com/seekerclaw/app/ui/settings/SettingsScreen.kt:1045:17 @Composable invocations can only happen from the context of a @Composable function
e: file:///E:/GIT/SeekerClaw/app/src/main/java/com/seekerclaw/app/ui/settings/SettingsScreen.kt:1053:13 No parameter with name 'containerColor' found.
e: file:///E:/GIT/SeekerClaw/app/src/main/java/com/seekerclaw/app/ui/settings/SettingsScreen.kt:1054:13 No value passed for parameter 'content'.
e: file:///E:/GIT/SeekerClaw/app/src/main/java/com/seekerclaw/app/ui/settings/SettingsScreen.kt:1056:6 Syntax error: Expecting ','.
e: file:///E:/GIT/SeekerClaw/app/src/main/java/com/seekerclaw/app/ui/settings/SettingsScreen.kt:1059:5 'if' must have both main and 'else' branches when used as an expression.
e: file:///E:/GIT/SeekerClaw/app/src/main/java/com/seekerclaw/app/ui/settings/SettingsScreen.kt:1104:6 Syntax error: Expecting ','.
e: file:///E:/GIT/SeekerClaw/app/src/main/java/com/seekerclaw/app/ui/settings/SettingsScreen.kt:1107:5 'if' must have both main and 'else' branches when used as an expression.
e: file:///E:/GIT/SeekerClaw/app/src/main/java/com/seekerclaw/app/ui/settings/SettingsScreen.kt:1155:6 Syntax error: Expecting ','.
e: file:///E:/GIT/SeekerClaw/app/src/main/java/com/seekerclaw/app/ui/settings/SettingsScreen.kt:1158:5 'if' must have both main and 'else' branches when used as an expression.
e: file:///E:/GIT/SeekerClaw/app/src/main/java/com/seekerclaw/app/ui/settings/SettingsScreen.kt:1203:6 Syntax error: Expecting ','.
e: file:///E:/GIT/SeekerClaw/app/src/main/java/com/seekerclaw/app/ui/settings/SettingsScreen.kt:1206:5 'if' must have both main and 'else' branches when used as an expression.
e: file:///E:/GIT/SeekerClaw/app/src/main/java/com/seekerclaw/app/ui/settings/SettingsScreen.kt:1209:32 Unresolved reference 'maskSensitive'.
e: file:///E:/GIT/SeekerClaw/app/src/main/java/com/seekerclaw/app/ui/settings/SettingsScreen.kt:1210:25 Unresolved reference 'maskSensitive'.
e: file:///E:/GIT/SeekerClaw/app/src/main/java/com/seekerclaw/app/ui/settings/SettingsScreen.kt:1307:6 Syntax error: Expecting ','.
e: file:///E:/GIT/SeekerClaw/app/src/main/java/com/seekerclaw/app/ui/settings/SettingsScreen.kt:1310:5 'if' must have both main and 'else' branches when used as an expression.
e: file:///E:/GIT/SeekerClaw/app/src/main/java/com/seekerclaw/app/ui/settings/SettingsScreen.kt:1357:6 Syntax error: Expecting ','.
e: file:///E:/GIT/SeekerClaw/app/src/main/java/com/seekerclaw/app/ui/settings/SettingsScreen.kt:1360:5 'if' must have both main and 'else' branches when used as an expression.
e: file:///E:/GIT/SeekerClaw/app/src/main/java/com/seekerclaw/app/ui/settings/SettingsScreen.kt:1443:6 Syntax error: Expecting ','.
e: file:///E:/GIT/SeekerClaw/app/src/main/java/com/seekerclaw/app/ui/settings/SettingsScreen.kt:1446:5 'if' must have both main and 'else' branches when used as an expression.
e: file:///E:/GIT/SeekerClaw/app/src/main/java/com/seekerclaw/app/ui/settings/SettingsScreen.kt:1587:6 Syntax error: Expecting ','.
e: file:///E:/GIT/SeekerClaw/app/src/main/java/com/seekerclaw/app/ui/settings/SettingsScreen.kt:1590:5 'if' must have both main and 'else' branches when used as an expression.
e: file:///E:/GIT/SeekerClaw/app/src/main/java/com/seekerclaw/app/ui/settings/SettingsScreen.kt:1633:6 Syntax error: Expecting ')'.
e: file:///E:/GIT/SeekerClaw/app/src/main/java/com/seekerclaw/app/ui/settings/SettingsScreen.kt:1637:1 Modifier 'private' is not applicable to 'local function'.
e: file:///E:/GIT/SeekerClaw/app/src/main/java/com/seekerclaw/app/ui/settings/SettingsScreen.kt:1649:1 Modifier 'private' is not applicable to 'local function'.
e: file:///E:/GIT/SeekerClaw/app/src/main/java/com/seekerclaw/app/ui/settings/SettingsScreen.kt:1693:1 Modifier 'private' is not applicable to 'local function'.
e: file:///E:/GIT/SeekerClaw/app/src/main/java/com/seekerclaw/app/ui/settings/SettingsScreen.kt:1771:9 Unresolved reference 'InfoDialog'.
e: file:///E:/GIT/SeekerClaw/app/src/main/java/com/seekerclaw/app/ui/settings/SettingsScreen.kt:1776:1 Modifier 'private' is not applicable to 'local function'.
e: file:///E:/GIT/SeekerClaw/app/src/main/java/com/seekerclaw/app/ui/settings/SettingsScreen.kt:1827:9 Unresolved reference 'InfoDialog'.
e: file:///E:/GIT/SeekerClaw/app/src/main/java/com/seekerclaw/app/ui/settings/SettingsScreen.kt:1832:1 Modifier 'private' is not applicable to 'local function'.
e: file:///E:/GIT/SeekerClaw/app/src/main/java/com/seekerclaw/app/ui/settings/SettingsScreen.kt:1853:1 Modifier 'private' is not applicable to 'local function'.
e: file:///E:/GIT/SeekerClaw/app/src/main/java/com/seekerclaw/app/ui/settings/SettingsScreen.kt:1910:9 Unresolved reference 'InfoDialog'.
e: file:///E:/GIT/SeekerClaw/app/src/main/java/com/seekerclaw/app/ui/settings/SettingsScreen.kt:1914:9 Unresolved reference 'RevokePermissionDialog'.
e: file:///E:/GIT/SeekerClaw/app/src/main/java/com/seekerclaw/app/ui/settings/SettingsScreen.kt:1922:1 Modifier 'private' is not applicable to 'local function'.
e: file:///E:/GIT/SeekerClaw/app/src/main/java/com/seekerclaw/app/ui/settings/SettingsScreen.kt:1945:1 Modifier 'private' is not applicable to 'local function'.
e: file:///E:/GIT/SeekerClaw/app/src/main/java/com/seekerclaw/app/ui/settings/SettingsScreen.kt:1953:1 Modifier 'private' is not applicable to 'local function'.
e: file:///E:/GIT/SeekerClaw/app/src/main/java/com/seekerclaw/app/ui/settings/SettingsScreen.kt:1998:1 Modifier 'private' is not applicable to 'local function'.
e: file:///E:/GIT/SeekerClaw/app/src/main/java/com/seekerclaw/app/ui/settings/SettingsScreen.kt:2005:1 Modifier 'private' is not applicable to 'local function'.
e: file:///E:/GIT/SeekerClaw/app/src/main/java/com/seekerclaw/app/ui/settings/SettingsScreen.kt:2040:2 Syntax error: Expecting '}'.

[Incubating] Problems report is available at: file:///E:/GIT/SeekerClaw/build/reports/problems/problems-report.html

FAILURE: Build failed with an exception.

* What went wrong:
Execution failed for task ':app:compileDebugKotlin'.
> A failure occurred while executing org.jetbrains.kotlin.compilerRunner.GradleCompilerRunnerWithWorkers$GradleKotlinCompilerWorkAction
   > Compilation error. See log for more details

* Try:
> Run with --stacktrace option to get the stack trace.
> Run with --info or --debug option to get more log output.
> Run with --scan to get full insights.
> Get more help at https://help.gradle.org.

Deprecated Gradle features were used in this build, making it incompatible with Gradle 9.0.

You can use '--warning-mode all' to show the individual deprecation warnings and determine if they come from your own scripts or plugins.

For more on this, please refer to https://docs.gradle.org/8.13/userguide/command_line_interface.html#sec:command_line_warnings in the Gradle documentation.

BUILD FAILED in 5s
19 actionable tasks: 2 executed, 17 up-to-date
